../LWIP/Target/ethernetif.c:171:13:low_level_init	24	static
../LWIP/Target/ethernetif.c:271:14:low_level_output	80	static
../LWIP/Target/ethernetif.c:318:22:low_level_input	24	static
../LWIP/Target/ethernetif.c:339:6:ethernetif_input	24	static
../LWIP/Target/ethernetif.c:389:7:ethernetif_init	16	static
../LWIP/Target/ethernetif.c:440:6:pbuf_free_custom	24	static
../LWIP/Target/ethernetif.c:462:7:sys_now	8	static
../LWIP/Target/ethernetif.c:475:6:HAL_ETH_MspInit	80	static
../LWIP/Target/ethernetif.c:570:6:HAL_ETH_MspDeInit	16	static
../LWIP/Target/ethernetif.c:630:9:ETH_PHY_IO_Init	8	static
../LWIP/Target/ethernetif.c:647:9:ETH_PHY_IO_DeInit	4	static
../LWIP/Target/ethernetif.c:659:9:ETH_PHY_IO_ReadReg	24	static
../LWIP/Target/ethernetif.c:676:9:ETH_PHY_IO_WriteReg	24	static
../LWIP/Target/ethernetif.c:690:9:ETH_PHY_IO_GetTick	8	static
../LWIP/Target/ethernetif.c:699:6:ethernet_link_check_state	136	static
../LWIP/Target/ethernetif.c:756:6:HAL_ETH_RxAllocateCallback	32	static
../LWIP/Target/ethernetif.c:778:6:HAL_ETH_RxLinkCallback	56	static,ignoring_inline_asm
../LWIP/Target/ethernetif.c:818:6:HAL_ETH_TxFreeCallback	16	static
